[www.meetingglass.com/index.html]
[backblue.gif]
[fade.gif]
[index.html]
[static.parastorage.com/services/wix-thunderbolt/dist/originTrials.41d7301a.bundle.min.js]
[static.wixstatic.com/media/c4de5f_b15a3f4226ce454f8dd9d79409e61c51_mv2.png/v1/fill/w_180,h_180,lg_1,usm_0.66_1.00_0.01/c4de5f_b15a3f4226ce454f8dd9d79409e61c51_mv2.png]
[static.wixstatic.com/media/c4de5f_b15a3f4226ce454f8dd9d79409e61c51_mv2.png/v1/fill/w_192,h_192,lg_1,usm_0.66_1.00_0.01/c4de5f_b15a3f4226ce454f8dd9d79409e61c51_mv2.png]
[static.wixstatic.com/media/c4de5f_b15a3f4226ce454f8dd9d79409e61c51_mv2.png/v1/fill/w_32,h_32,lg_1,usm_0.66_1.00_0.01/c4de5f_b15a3f4226ce454f8dd9d79409e61c51_mv2.png]
[static.parastorage.com/unpkg/core-js-bundle@3.2.1/minified.js]
[static.parastorage.com/unpkg/focus-within-polyfill@5.0.9/dist/focus-within-polyfill.js]
[polyfill.io/v3/polyfill.mind82c.js]
[static.parastorage.com/services/editor-elements-library/dist/thunderbolt/media/tiny_arrows.4355fe50.png]
[www.meetingglass.com/feed.16.delayed]
[www.meetingglass.com/visual-privacy-features.html]
[www.meetingglass.com/features-advantages.html]
[static.wixstatic.com/media/c4de5f_300301b1e6534e4d81047869a29750df_mv2.png/v1/fill/w_229,h_53,al_c,q_85,usm_0.66_1.00_0.01,enc_auto/meetingglass_site_logo_304x73.png]
[static.wixstatic.com/media/c4de5f_64b3070e5d5348e7bb61f382dbe883c5_mv2.jpg/v1/fill/w_144,h_102,al_c,q_80,usm_0.66_1.00_0.01,blur_2,enc_auto/c4de5f_64b3070e5d5348e7bb61f382dbe883c5_mv2.jpg]
[www.meetingglass.com/${n.17.delayed]
[static.wixstatic.com/media/c4de5f_f6e843cde2d14ca186a3b3f473de9b78_mv2.jpg/v1/fill/w_144,h_102,al_c,q_80,usm_0.66_1.00_0.01,blur_2,enc_auto/c4de5f_f6e843cde2d14ca186a3b3f473de9b78_mv2.jpg]
[static.wixstatic.com/media/c4de5f_dfbaee120b34422ab8878d7c4d9b3ade_mv2.gif]
[static.wixstatic.com/media/c4de5f_1354e7d4911f4f258fc58a868cfa9046_mv2.gif]
[www.meetingglass.com/decodeURIComponent(e.1d.delayed]
[static.wixstatic.com/media/c4de5f_e6b3edd29bc0409ebbf83474ed2cafa7_mv2.gif]
[www.meetingglass.com/index.html]
[www.meetingglass.com/meetingglass-eula.html]
[static.wixstatic.com/media/c4de5f_a30d6f580fdb4123940710e8031ee67e_mv2.png/v1/fill/w_88,h_49,al_c,q_85,usm_0.66_1.00_0.01,blur_2,enc_auto/julia_requests_face_to_face_with_you_con.png]
[www.meetingglass.com/_files/archives/FFmpeg-Source-Code.zip_; filename_=UTF-8''FFmpeg-Source-Code928c.zip]
[www.meetingglass.com/_files/archives/mpv-player-source-code.zip_; filename_=UTF-8''mpv-player-source-code7bc8.zip]
[browser.sentry-cdn.com/6.18.2/bundle.min.js]
[www.meetingglass.com/visual-privacy-features.html]
[www.meetingglass.com/sitemap.xml]
[static.parastorage.com/unpkg/lodash@4.17.21/lodash.min.js]
[static.parastorage.com/unpkg/react@16.14.0/umd/react.production.min.js]
[www.meetingglass.com/features-advantages.html]
[static.parastorage.com/services/wix-thunderbolt/dist/thunderbolt-commons.a475be57.bundle.min.js]
[static.parastorage.com/services/wix-thunderbolt/dist/main.1438a05e.bundle.min.js]
[static.wixstatic.com/media/c4de5f_2c696f45a5794a1eae886d05eba7735e_mv2.png/v1/fill/w_100,h_107,al_c,q_85,usm_0.66_1.00_0.01,blur_2,enc_auto/Privacy levels.png]
[www.meetingglass.com/meetingglass-eula.html]
[static.parastorage.com/unpkg/react-dom@16.14.0/umd/react-dom.production.min.js]
[static.wixstatic.com/media/c4de5f_199cfb44ba1747d8aad77adf2866ee34_mv2.png/v1/fill/w_115,h_61,al_c,q_85,usm_0.66_1.00_0.01,blur_2,enc_auto/set_size_of_your_video_no_second_slider_.png]
[www.meetingglass.com/feed.html]
[static.parastorage.com/services/tag-manager-client/1.820.0/siteTags.bundle.min.js]
[www.meetingglass.com/${n.html]
[static.parastorage.com/services/wix-perf-measure/1.1095.0/wix-perf-measure.umd.min.js]
[www.meetingglass.com/decodeURIComponent(e.html]
[static.wixstatic.com/media/c4de5f_9aabfaee48fa4b338f28359686e82b34_mv2.png/v1/fill/w_104,h_55,al_c,q_85,usm_0.66_1.00_0.01,blur_2,enc_auto/Video modes.png]
[static.wixstatic.com/media/c4de5f_a73f743a2d0f4c0cbd79574d982df90d_mv2.gif]
[static.wixstatic.com/media/c4de5f_89312d5e437b4b6e8e07c729be59c8fd_mv2.gif]
